C51 COMPILER V7.08   IR                           12/13/2015 17:07:06 PAGE 1   


C51 COMPILER V7.08, COMPILATION OF MODULE IR
OBJECT MODULE PLACED IN source\ir.OBJ
COMPILER INVOKED BY: C:\Keil\C51\BIN\C51.EXE source\ir.c INCDIR(include) DEBUG 
                    -OBJECTEXTEND PRINT(.\ir.lst) PAGEWIDTH(79) PAGELENGTH(66) SRC(.\ir.SRC)

line level    source

   1          /*
   2           * ir
   3           * using timer1 counter to invode interrupt because STC15F104E's 
             -ex int error.
   4           * timer0 is used to calculate high/low level's time.
   5          */
   6          
   7          #include "ir.h"
   8          #include "timer.h"
   9          #include "delay.h"
  10          #include "soft_uart.h"
  11          
  12          
  13          //#define CONFIG_RC3_CODE
  14          
  15          #pragma asm
  16          IR_SEND      BIT     P3.4
  17          #pragma endasm
  18          
  19          static bit ir_rcv_int = 0;
  20          
  21          
  22          void ir_rcv_isr(void)
  23          {
  24   1          Timer1_InterruptDisable();
  25   1          ir_rcv_int = 1;
  26   1      }
  27          
  28          void ir_rcv_t0_timer_cfg(void)
  29          {
  30   1          TIM_InitTypeDef tim_type;
  31   1      
  32   1          tim_type.TIM_Mode = TIM_16BitAutoReload;
  33   1          tim_type.TIM_Polity = 1;
  34   1          tim_type.TIM_Interrupt = DISABLE;
  35   1          tim_type.TIM_ClkSource = TIM_CLOCK_12T;
  36   1          tim_type.TIM_ClkOut = DISABLE;
  37   1          tim_type.TIM_Value = 0;
  38   1          tim_type.TIM_Run = DISABLE;
  39   1          tim_type.TIM_Isr = 0;
  40   1          Timer_Inilize(Timer0, &tim_type);
  41   1      }
  42          
  43          void ir_rcv_t1_timer_cfg(bit enable)
  44          {
  45   1          TIM_InitTypeDef tim_type;
  46   1      
  47   1          tim_type.TIM_Mode = TIM_16BitAutoReload;
  48   1          tim_type.TIM_Polity = PolityLow;
  49   1          tim_type.TIM_Interrupt = enable;
  50   1          tim_type.TIM_ClkSource = TIM_CLOCK_Ext;
  51   1          tim_type.TIM_ClkOut = DISABLE;
  52   1          tim_type.TIM_Value = 0xFFFF;
  53   1          tim_type.TIM_Run = enable;
  54   1          tim_type.TIM_Isr = ir_rcv_isr;
  55   1          Timer_Inilize(Timer1, &tim_type);
C51 COMPILER V7.08   IR                           12/13/2015 17:07:06 PAGE 2   

  56   1      }
  57          
  58          static unsigned int Ir_Get_Low()
  59          {
  60   1          unsigned int t = 0;
  61   1      
  62   1          TL0 = 0;
  63   1          TH0 = 0;
  64   1          TR0 = 1;
  65   1          while (!IR_REV && !(TH0 & 0x80));
  66   1      
  67   1          TR0 = 0;
  68   1          t = TH0;
  69   1          t <<= 8;
  70   1          t |= TL0;
  71   1      
  72   1          return t;
  73   1      }
  74          
  75          static unsigned int Ir_Get_High()
  76          {
  77   1          unsigned int t = 0;
  78   1      
  79   1          TL0 = 0;
  80   1          TH0 = 0;
  81   1          TR0 = 1;
  82   1          while (IR_REV && !(TH0 & 0x80));
  83   1      
  84   1          TR0 = 0;
  85   1          t = TH0;
  86   1          t <<= 8;
  87   1          t |= TL0;
  88   1      
  89   1          return t;
  90   1      }
  91          
  92          static bit nec_decode(unsigned char *key)
  93          {
  94   1          unsigned int temp;
  95   1          char i,j;
  96   1      
  97   1          temp = Ir_Get_High();
  98   1          if ((temp < 3686) || (temp > 4608)) {
  99   2              return 0;
 100   2          }
 101   1      
 102   1          for (i=0; i<4; i++) {
 103   2              for (j=0; j<8; j++) {
 104   3                  temp = Ir_Get_Low();
 105   3                  if ((temp < 184) || (temp > 737)) //200~800us
 106   3                      return 0;
 107   3      
 108   3                  temp = Ir_Get_High();
 109   3                  if ((temp < 184) || (temp > 1843)) //200~2000us
 110   3                      return 0;
 111   3      
 112   3                  key[i] >>= 1;
 113   3                  if (temp > 1032) //1120us
 114   3                      key[i] |= 0x80;
 115   3              }
 116   2          }
 117   1      
 118   1          return 1;
 119   1      }
C51 COMPILER V7.08   IR                           12/13/2015 17:07:06 PAGE 3   

 120          
 121          #ifdef CONFIG_RC3_CODE
              static bit rc5_decode(unsigned char *key)
              {
                  unsigned int temp, c = 0;
                  bit state = 1;
                  char i = 0, j;
              
                  while (1) { //13 bit
                      temp = Ir_Get_High();
                      test[2] = temp;
                      if ((temp < 300) || (temp > 900)) //200~800us
                          goto err;
              
                      if (temp > 600) {
                          state = !state;
                          i++;
                      }
                      c |= state;
                      c <<= 1;
                      i++;
              
                      temp = Ir_Get_Low();
                      test[3] = temp;
                      if ((temp < 300) || (temp > 900)) //200~800us
                          goto err;
              
                      if (temp > 600) {
                          state = !state;
                          i++;
                      }
                      c |= state;
                      c <<= 1;
                      i++;
                  }
              
              err:
                  return 1;
              }
              #endif
 160          
 161          bit ir_rcv(unsigned char *key)
 162          {
 163   1          unsigned int temp;
 164   1          bit ret = 0;
 165   1          char i,j;
 166   1      
 167   1          if (!ir_rcv_int) {
 168   2              return 0;
 169   2          }
 170   1      
 171   1          SYSTEM_CLK_1T();
 172   1      
 173   1          ir_rcv_t0_timer_cfg();
 174   1      
 175   1          temp = Ir_Get_Low();
 176   1          if (temp > 3000 && temp < 8755) {
 177   2              ret = nec_decode(key);
 178   2          }
 179   1      #ifdef CONFIG_RC3_CODE
                  else if (temp <= 3000) {
                      ret = rc5_decode(key);
                  }
              #endif
C51 COMPILER V7.08   IR                           12/13/2015 17:07:06 PAGE 4   

 184   1      
 185   1          ir_rcv_int = 0;
 186   1          Timer1_InterruptEnable();
 187   1      
 188   1          return ret;
 189   1      }
*** WARNING C280 IN LINE 165 OF SOURCE\IR.C: 'i': unreferenced local variable
*** WARNING C280 IN LINE 165 OF SOURCE\IR.C: 'j': unreferenced local variable
 190          
 191          void ir_rcv_init(void)
 192          {
 193   1          ir_rcv_t1_timer_cfg(ENABLE);
 194   1          ir_rcv_int = 0;
 195   1      }
 196          
 197          void ir_rcv_deinit(void)
 198          {
 199   1          ir_rcv_t1_timer_cfg(DISABLE);
 200   1          ir_rcv_int = 0;
 201   1      }
 202          
 203          
 204          
 205          static bit ir_out;
 206          static unsigned char ir_cnt;
 207          
 208          void ir_send_isr(void)
 209          {
 210   1          if (ir_out) {
 211   2              IR_SEND = !IR_SEND;
 212   2          }
 213   1      
 214   1          if (ir_cnt) {
 215   2              ir_cnt--;
 216   2          }
 217   1      }
 218          
 219          void ir_send_t0_timer_cfg(bit enable)
 220          {
 221   1          TIM_InitTypeDef tim_type;
 222   1      
 223   1          tim_type.TIM_Mode = TIM_16BitAutoReload;
 224   1          tim_type.TIM_Polity = 1;
 225   1          tim_type.TIM_Interrupt = enable;
 226   1          tim_type.TIM_ClkSource = TIM_CLOCK_12T;
 227   1          tim_type.TIM_ClkOut = DISABLE;
 228   1          tim_type.TIM_Value = 65536 - MAIN_Fosc / (38000 * 2);
 229   1          tim_type.TIM_Run = enable;
 230   1          tim_type.TIM_Isr = ir_send_isr;
 231   1          Timer_Inilize(Timer0, &tim_type);
 232   1      }
 233          
 234          
 235          #pragma asm
 236                  // 1 cycle = 1/38K = 291 clock = 145 + 146
 237          CYCLE:  SETB    IR_SEND         // 4
 238                  NOP                     // 1
 239                  MOV     R0,     #33     // 2
 240                  DJNZ    R0,     $       // 4 * 33 = 132
 241          
 242                  CLR     IR_SEND         // 4
 243                  MOV     R0,     #33     // 2
 244                  DJNZ    R0,     $       // 4 * 33 = 132
 245                  RET                     // 4
C51 COMPILER V7.08   IR                           12/13/2015 17:07:06 PAGE 5   

 246          
 247                  // 0 bit = cycle(560us) + 0(560us) = cycle(21 cycle) + 0(
             -6193.152 = 4*12*129 clock)
 248          IRS0:   MOV     R1,     #21     // 2
 249          CC1:    LCALL   CYCLE           // 6
 250                  DJNZ    R1,     CC1     // 4
 251          
 252                  MOV     R2,     #12    // 2
 253          CC2:    MOV     R1,     #129    // 2
 254                  DJNZ    R1,     $       // 4
 255                  DJNZ    R2,     CC2     // 4
 256                  RET
 257          
 258                  // 1 bit = cycle(560us) + 0(1690us) = cycle(21 cycle) + 0
             -(18690.048 = 4*32*146 clock)
 259          IRS1:   MOV     R1,     #21     // 2
 260          CC3:    LCALL   CYCLE           // 6
 261                  DJNZ    R1,     CC3     // 4
 262          
 263                  MOV     R2,     #32     // 2
 264          CC4:    MOV     R1,     #146    // 2
 265                  DJNZ    R1,     $       // 4
 266                  DJNZ    R2,     CC4     // 4
 267                  RET
 268          #pragma endasm
 269          
 270          bit ir_send(unsigned char *key)
 271          {
 272   1      #pragma asm
 273   1              PUSH    ACC
 274   1              MOV     ACC,    R0
 275   1              PUSH    ACC
 276   1              MOV     ACC,    R1
 277   1              PUSH    ACC
 278   1              MOV     ACC,    R2
 279   1              PUSH    ACC
 280   1              MOV     ACC,    R3
 281   1              PUSH    ACC
 282   1              MOV     ACC,    R4
 283   1              PUSH    ACC
 284   1              MOV     ACC,    R5
 285   1              PUSH    ACC
 286   1      
 287   1              MOV     A,      R1
 288   1              MOV     R5,     A
 289   1      
 290   1              // send start code: 0(9000us = 342 cycle = 171 + 171) + 1
             -(4500us = 49767 clock = 4 * 49 * 255)
 291   1              MOV     R1,     #170    // 2
 292   1              MOV     R2,     #170    // 2
 293   1      C1:     LCALL   CYCLE           // 6
 294   1              DJNZ    R1,     C1      // 4
 295   1      C2:     LCALL   CYCLE           // 6
 296   1              DJNZ    R2,     C2      // 4
 297   1      
 298   1              MOV     R2,     #49     // 2
 299   1      C3:     MOV     R1,     #255    // 2
 300   1              DJNZ    R1,     $       // 4
 301   1              DJNZ    R2,     C3      // 4
 302   1      
 303   1              // send byte
 304   1              MOV     R4,     #4      //
 305   1      C7:     MOV     A,      R5
 306   1              MOV     R0,     A
C51 COMPILER V7.08   IR                           12/13/2015 17:07:06 PAGE 6   

 307   1              MOV     A,      @R0     //
 308   1              INC     R5
 309   1              MOV     R3,     #8      //
 310   1      C6:     RRC     A               // 1
 311   1              JC      C4              // 3
 312   1              LCALL   IRS0            // 6
 313   1              LJMP    C5
 314   1      C4:     LCALL   IRS1            // 6
 315   1      C5:     DJNZ    R3,     C6      // 4
 316   1              DJNZ    R4,     C7      // 4
 317   1      
 318   1              MOV     R0,     #0FFH
 319   1              DJNZ    R0,     $
 320   1      
 321   1              POP     ACC
 322   1              MOV     R5,     ACC
 323   1              POP     ACC
 324   1              MOV     R4,     ACC
 325   1              POP     ACC
 326   1              MOV     R3,     ACC
 327   1              POP     ACC
 328   1              MOV     R2,     ACC
 329   1              POP     ACC
 330   1              MOV     R1,     ACC
 331   1              POP     ACC
 332   1              MOV     R0,     ACC
 333   1              POP     ACC
 334   1      #pragma endasm
 335   1      
 336   1          return 0;
 337   1      }
*** WARNING C280 IN LINE 270 OF SOURCE\IR.C: 'key': unreferenced local variable
 338          
 339          void ir_send_init(void)
 340          {
 341   1          IR_SEND = 1;
 342   1          ir_out = 0;
 343   1          ir_cnt = 0;
 344   1          ir_send_t0_timer_cfg(ENABLE);
 345   1      }
 346          
 347          void ir_send_deinit(void)
 348          {
 349   1          ir_send_t0_timer_cfg(DISABLE);
 350   1          IR_SEND = 1;
 351   1          ir_out = 0;
 352   1          ir_cnt = 0;
 353   1      }
 354          
 355          
 356          bit check_ir_loop(void)
 357          {
 358   1          unsigned char n = 2;
 359   1      
 360   1          ir_send_init();
 361   1      
 362   1          do {
 363   2              if (ir_rcv_int) {
 364   3                  break;
 365   3              }
 366   2              ir_cnt = 10;
 367   2              ir_out = 1;
 368   2              while (ir_cnt);
 369   2              ir_out = 0;
C51 COMPILER V7.08   IR                           12/13/2015 17:07:06 PAGE 7   

 370   2      
 371   2              if (!ir_rcv_int) {
 372   3                  break;
 373   3              }
 374   2              ir_rcv_int = 0;
 375   2              Timer1_InterruptEnable();
 376   2      
 377   2              delay_ms(1);
 378   2          } while (--n);
 379   1      
 380   1          ir_send_deinit();
 381   1      
 382   1          return (n == 0);
 383   1      }


MODULE INFORMATION:   STATIC OVERLAYABLE
   CODE SIZE        =    721    ----
   CONSTANT SIZE    =   ----    ----
   XDATA SIZE       =   ----    ----
   PDATA SIZE       =   ----    ----
   DATA SIZE        =      1      48
   IDATA SIZE       =   ----    ----
   BIT SIZE         =      2       3
END OF MODULE INFORMATION.


C51 COMPILATION COMPLETE.  3 WARNING(S),  0 ERROR(S)
